// Jest Snapshot v1, https://goo.gl/fbAQLP

exports[`letterFromTo should return properly 1`] = `
Object {
  "a": 1,
  "b": 2,
  "c": 3,
  "d": 4,
  "e": 5,
  "f": 6,
  "g": 7,
  "h": 8,
}
`;
